// Jest Snapshot v1, https://goo.gl/fbAQLP

exports[`Select Component should render correctly 1`] = `
<select
  className="select"
  data-locator="my-custom-select-locator"
  disabled={false}
  id="dropdown-1"
  name="my-drop"
  onChange={[Function]}
  value={null}
>
  <option
    disabled={true}
    selected={true}
    value=""
  >
    Select
  </option>
  <option
    key="my-drop_0"
    value="Option 1"
  >
    Option 1
  </option>
  <option
    key="my-drop_1"
    value="Option 2"
  >
    Option 2
  </option>
</select>
`;
