// Jest Snapshot v1, https://goo.gl/fbAQLP

exports[`<List /> should render default view correctly 1`] = `
<ul
  className=""
>
  <li>
    This is list item
  </li>
  <li>
    This is list item
  </li>
</ul>
`;
