// Jest Snapshot v1, https://goo.gl/fbAQLP

exports[`<TabPanel /> should render correctly 1`] = `
<div
  aria-hidden={true}
  aria-labelledby="tab_undefined"
  className=""
  hidden={true}
  role="tabpanel"
>
  Test
</div>
`;
