// Jest Snapshot v1, https://goo.gl/fbAQLP

exports[`FieldInput Component should render correctly 1`] = `
<div
  className=""
>
  <Label
    className=""
    elementLocator=""
  />
  <Field
    type="text"
  >
    <Component />
  </Field>
  <FormikConnect(ErrorMessageImpl)
    component={
      Object {
        "$$typeof": Symbol(react.forward_ref),
        "attrs": Array [],
        "componentStyle": ComponentStyle {
          "baseHash": 524329165,
          "componentId": "FieldError__StyledFieldError-sc-1b3h259-0",
          "isStatic": false,
          "rules": Array [
            [Function],
            ";",
            [Function],
            ";text-align:left;margin:0;",
            [Function],
            ";",
            ";",
          ],
          "staticRulesId": "",
        },
        "displayName": "FieldError__StyledFieldError",
        "foldedComponentIds": Array [],
        "render": [Function],
        "styledComponentId": "FieldError__StyledFieldError-sc-1b3h259-0",
        "target": [Function],
        "toString": [Function],
        "warnTooManyClasses": [Function],
        "withComponent": [Function],
      }
    }
  />
</div>
`;
