// Jest Snapshot v1, https://goo.gl/fbAQLP

exports[`Button Component should render correctly 1`] = `
<button
  aria-label={null}
  className=""
  data-locator="button-button-submit"
  disabled={false}
  type="button"
  variation=""
>
  Submit
</button>
`;
