// Jest Snapshot v1, https://goo.gl/fbAQLP

exports[`<Tab /> should render correctly 1`] = `
<li
  className=""
  id="tab_undefined"
  onClick={[Function]}
  onKeyDown={[Function]}
  role="tab"
  tabIndex={-1}
>
  <Anchor
    noLink={true}
    to="#undefined"
  >
    Test
  </Anchor>
</li>
`;
