// Jest Snapshot v1, https://goo.gl/fbAQLP

exports[`FieldInput Component should render correctly 1`] = `
<Formik
  initialValues={null}
  validate={[Function]}
  validateOnBlur={true}
  validateOnChange={true}
  validationSchema={null}
>
  <Component />
</Formik>
`;
