// Jest Snapshot v1, https://goo.gl/fbAQLP

exports[`<ArticleThumbnail /> should render correctly with Readmore 1`] = `
<div>
  <Anchor
    className="AnchorClass"
    key="2"
    target="_blank"
    to="#"
  >
    <Image
      alt="Dummy Image"
      key="Dummy Image_1"
      loading="lazy"
      placeholderSrc="https://placekitten.com/g/601/300"
      sizes="(min-width: 36em) 33.3vw, 100vw"
      src="https://placekitten.com/g/601/300"
      srcset="https://placekitten.com/g/601/300 1024w, https://placekitten.com/g/401/300 640w, https://placekitten.com/g/301/300 320w"
    />
  </Anchor>
  Test
  <Anchor
    className="AnchorClass"
    key="2"
    target="_blank"
    to="#"
  >
    ReadMore
  </Anchor>
</div>
`;

exports[`<ArticleThumbnail /> should render correctly with full clickable thumb 1`] = `
<div>
  <Anchor
    className="AnchorClass"
    key="2"
    target="_blank"
    to="#"
  >
    <Image
      alt="Dummy Image"
      key="Dummy Image_1"
      placeholderSrc="https://placekitten.com/g/600/300"
      sizes="(min-width: 36em) 33.3vw, 100vw"
      src="https://placekitten.com/g/600/300"
      srcset="https://placekitten.com/g/600/300 1024w, https://placekitten.com/g/400/300 640w, https://placekitten.com/g/300/300 320w"
    />
    Test
  </Anchor>
</div>
`;
