// Jest Snapshot v1, https://goo.gl/fbAQLP

exports[`<Icon /> should render correctly 1`] = `
<Icon
  className="Icon__StyledIcon-sc-14jstry-0 lgusMR"
  height="30px"
  title="close icon"
  width="30px"
>
  <ReactComponent />
</Icon>
`;
